warning: No library characterized for (process = 1.00 voltage = 0.85 temperature = 25.00) can be found in the database for power domain '/PD_TOP'  [NL-174]
Report Power (instances with prefix '*' are included in total) : 
-----+-----------+--------------------+---------------------+-------------------+-----------------
     | Instance  | Internal Power(uw) | Switching Power(uw) | Leakage Power(uw) | Total Power(uw) 
-----+-----------+--------------------+---------------------+-------------------+-----------------
1    |*InputReg  |           89.472145|            74.266068|           3.534071|       167.272278
2    |*Adder     |           56.692204|            64.789085|           1.877713|       123.359001
3    |*outputReg |           46.695423|            54.696800|           1.763040|       103.155266
4    |*outputRegC|            4.486070|             3.770323|           0.149231|         8.405623
5    |           |                    |                     |                   |                 
6    |*TOTAL     |          197.345840|           197.522278|           7.324056|       402.192169
-----+-----------+--------------------+---------------------+-------------------+-----------------
